Fatal error: Uncaught Error: Class 'swoole_redis' not found in /src/swoole-src/tests/swoole_redis/connect_refuse.php:4
Stack trace:
#0 {main}
  thrown in /src/swoole-src/tests/swoole_redis/connect_refuse.php on line 4