Fatal error: Uncaught Error: Call to undefined function socket_create() in /src/swoole-src/tests/include/toolkit/functions.php:219
Stack trace:
#0 /src/swoole-src/tests/include/toolkit/functions.php(557): get_one_free_port()
#1 /src/swoole-src/tests/swoole_https_client/get_with_query_string.php(7): ServerManager->listen('127.0.0.1')
#2 {main}
  thrown in /src/swoole-src/tests/include/toolkit/functions.php on line 219